[INFO] Scanning for projects...
[INFO] 
[INFO] -----------------< co.edu.eci:blueprints-api-security >-----------------
[INFO] Building BluePrints API û Part 2 (Sin JWT) 2.0.0
[INFO]   from pom.xml
[INFO] --------------------------------[ jar ]---------------------------------
[INFO] 
[INFO] --- clean:3.3.2:clean (default-clean) @ blueprints-api-security ---
[INFO] Deleting D:\ander\Documents\SEMESTRE 7\ARSW\LAB07 - P4 BLUEPRINTS\backend\target
[INFO] 
[INFO] --- resources:3.3.1:resources (default-resources) @ blueprints-api-security ---
[INFO] Copying 2 resources from src\main\resources to target\classes
[INFO] Copying 0 resource from src\main\resources to target\classes
[INFO] 
[INFO] --- compiler:3.13.0:compile (default-compile) @ blueprints-api-security ---
[INFO] Recompiling the module because of changed source code.
[INFO] Compiling 21 source files with javac [debug parameters release 21] to target\classes
[INFO] Annotation processing is enabled because one or more processors were found
  on the class path. A future release of javac may disable annotation processing
  unless at least one processor is specified by name (-processor), or a search
  path is specified (--processor-path, --processor-module-path), or annotation
  processing is enabled explicitly (-proc:only, -proc:full).
  Use -Xlint:-options to suppress this message.
  Use -proc:none to disable annotation processing.
[INFO] -------------------------------------------------------------
[ERROR] COMPILATION ERROR : 
[INFO] -------------------------------------------------------------
[ERROR] /D:/ander/Documents/SEMESTRE 7/ARSW/LAB07 - P4 BLUEPRINTS/backend/src/main/java/co/edu/eci/blueprints/api/BlueprintController.java:[43,38] type io.swagger.v3.oas.annotations.responses.ApiResponse does not take parameters
[ERROR] /D:/ander/Documents/SEMESTRE 7/ARSW/LAB07 - P4 BLUEPRINTS/backend/src/main/java/co/edu/eci/blueprints/api/BlueprintController.java:[66,38] type io.swagger.v3.oas.annotations.responses.ApiResponse does not take parameters
[ERROR] /D:/ander/Documents/SEMESTRE 7/ARSW/LAB07 - P4 BLUEPRINTS/backend/src/main/java/co/edu/eci/blueprints/api/BlueprintController.java:[88,38] type io.swagger.v3.oas.annotations.responses.ApiResponse does not take parameters
[ERROR] /D:/ander/Documents/SEMESTRE 7/ARSW/LAB07 - P4 BLUEPRINTS/backend/src/main/java/co/edu/eci/blueprints/api/BlueprintController.java:[115,38] type io.swagger.v3.oas.annotations.responses.ApiResponse does not take parameters
[ERROR] /D:/ander/Documents/SEMESTRE 7/ARSW/LAB07 - P4 BLUEPRINTS/backend/src/main/java/co/edu/eci/blueprints/api/BlueprintController.java:[144,38] type io.swagger.v3.oas.annotations.responses.ApiResponse does not take parameters
[ERROR] /D:/ander/Documents/SEMESTRE 7/ARSW/LAB07 - P4 BLUEPRINTS/backend/src/main/java/co/edu/eci/blueprints/api/BlueprintController.java:[152,43] type io.swagger.v3.oas.annotations.responses.ApiResponse does not take parameters
[ERROR] /D:/ander/Documents/SEMESTRE 7/ARSW/LAB07 - P4 BLUEPRINTS/backend/src/main/java/co/edu/eci/blueprints/api/BlueprintController.java:[158,38] cannot infer type arguments for io.swagger.v3.oas.annotations.responses.ApiResponse
  reason: cannot use '<>' with non-generic class io.swagger.v3.oas.annotations.responses.ApiResponse
[INFO] 7 errors 
[INFO] -------------------------------------------------------------
[INFO] ------------------------------------------------------------------------
[INFO] BUILD FAILURE
[INFO] ------------------------------------------------------------------------
[INFO] Total time:  5.540 s
[INFO] Finished at: 2026-03-15T12:43:27-05:00
[INFO] ------------------------------------------------------------------------
[ERROR] Failed to execute goal org.apache.maven.plugins:maven-compiler-plugin:3.13.0:compile (default-compile) on project blueprints-api-security: Compilation failure: Compilation failure: 
[ERROR] /D:/ander/Documents/SEMESTRE 7/ARSW/LAB07 - P4 BLUEPRINTS/backend/src/main/java/co/edu/eci/blueprints/api/BlueprintController.java:[43,38] type io.swagger.v3.oas.annotations.responses.ApiResponse does not take parameters
[ERROR] /D:/ander/Documents/SEMESTRE 7/ARSW/LAB07 - P4 BLUEPRINTS/backend/src/main/java/co/edu/eci/blueprints/api/BlueprintController.java:[66,38] type io.swagger.v3.oas.annotations.responses.ApiResponse does not take parameters
[ERROR] /D:/ander/Documents/SEMESTRE 7/ARSW/LAB07 - P4 BLUEPRINTS/backend/src/main/java/co/edu/eci/blueprints/api/BlueprintController.java:[88,38] type io.swagger.v3.oas.annotations.responses.ApiResponse does not take parameters
[ERROR] /D:/ander/Documents/SEMESTRE 7/ARSW/LAB07 - P4 BLUEPRINTS/backend/src/main/java/co/edu/eci/blueprints/api/BlueprintController.java:[115,38] type io.swagger.v3.oas.annotations.responses.ApiResponse does not take parameters
[ERROR] /D:/ander/Documents/SEMESTRE 7/ARSW/LAB07 - P4 BLUEPRINTS/backend/src/main/java/co/edu/eci/blueprints/api/BlueprintController.java:[144,38] type io.swagger.v3.oas.annotations.responses.ApiResponse does not take parameters
[ERROR] /D:/ander/Documents/SEMESTRE 7/ARSW/LAB07 - P4 BLUEPRINTS/backend/src/main/java/co/edu/eci/blueprints/api/BlueprintController.java:[152,43] type io.swagger.v3.oas.annotations.responses.ApiResponse does not take parameters
[ERROR] /D:/ander/Documents/SEMESTRE 7/ARSW/LAB07 - P4 BLUEPRINTS/backend/src/main/java/co/edu/eci/blueprints/api/BlueprintController.java:[158,38] cannot infer type arguments for io.swagger.v3.oas.annotations.responses.ApiResponse
[ERROR]   reason: cannot use '<>' with non-generic class io.swagger.v3.oas.annotations.responses.ApiResponse
[ERROR] -> [Help 1]
[ERROR] 
[ERROR] To see the full stack trace of the errors, re-run Maven with the -e switch.
[ERROR] Re-run Maven using the -X switch to enable full debug logging.
[ERROR] 
[ERROR] For more information about the errors and possible solutions, please read the following articles:
[ERROR] [Help 1] http://cwiki.apache.org/confluence/display/MAVEN/MojoFailureException
